1 8 replacement_value
10 80 replacement_value
11 0 replacement_value
13 1 replacement_value
15 50 replacement_value
16 1 replacement_value
17 80 replacement_value
18 11 replacement_value
19 50 replacement_value
20 1 replacement_value
21 6 replacement_value
22 50 replacement_value
23 1 replacement_value
25 1 replacement_value
26 0 replacement_value
28 80 replacement_value
29 0 replacement_value
31 1 replacement_value
35 50 replacement_value
36 1 replacement_value
