Aged Brie, 9, 11
Aged Brie, 9, 1
Aged Brie, 9, 50
Aged Brie, -1, 12
Aged Brie, -1, 2
Aged Brie, -1, 50
Aged Brie, -2, 12
Aged Brie, -2, 2
Aged Brie, -2, 50
Aged Brie, 5, 11
Aged Brie, 5, 1
Aged Brie, 5, 50
Sulfuras, Hand of Ragnaros, 10, 10
Sulfuras, Hand of Ragnaros, 10, 0
Sulfuras, Hand of Ragnaros, 10, 50
Sulfuras, Hand of Ragnaros, 0, 10
Sulfuras, Hand of Ragnaros, 0, 0
Sulfuras, Hand of Ragnaros, 0, 50
Sulfuras, Hand of Ragnaros, -1, 10
Sulfuras, Hand of Ragnaros, -1, 0
Sulfuras, Hand of Ragnaros, -1, 50
Sulfuras, Hand of Ragnaros, 6, 10
Sulfuras, Hand of Ragnaros, 6, 0
Sulfuras, Hand of Ragnaros, 6, 50
Backstage passes to a TAFKAL80ETC concert, 9, 12
Backstage passes to a TAFKAL80ETC concert, 9, 2
Backstage passes to a TAFKAL80ETC concert, 9, 50
Backstage passes to a TAFKAL80ETC concert, -1, 0
Backstage passes to a TAFKAL80ETC concert, -1, 0
Backstage passes to a TAFKAL80ETC concert, -1, 0
Backstage passes to a TAFKAL80ETC concert, -2, 0
Backstage passes to a TAFKAL80ETC concert, -2, 0
Backstage passes to a TAFKAL80ETC concert, -2, 0
Backstage passes to a TAFKAL80ETC concert, 5, 12
Backstage passes to a TAFKAL80ETC concert, 5, 2
Backstage passes to a TAFKAL80ETC concert, 5, 50
Regular Item, 9, 9
Regular Item, 9, 0
Regular Item, 9, 49
Regular Item, -1, 8
Regular Item, -1, 0
Regular Item, -1, 48
Regular Item, -2, 8
Regular Item, -2, 0
Regular Item, -2, 48
Regular Item, 5, 9
Regular Item, 5, 0
Regular Item, 5, 49
Conjured Item, 9, 9
Conjured Item, 9, 0
Conjured Item, 9, 49
Conjured Item, -1, 8
Conjured Item, -1, 0
Conjured Item, -1, 48
Conjured Item, -2, 8
Conjured Item, -2, 0
Conjured Item, -2, 48
Conjured Item, 5, 9
Conjured Item, 5, 0
Conjured Item, 5, 49
