Aged Brie, 9, 11
Aged Brie, 9, 1
Aged Brie, 9, 50
Aged Brie, 9, 2
Aged Brie, 9, 50
Aged Brie, 9, 31
Aged Brie, 9, 6
Aged Brie, 9, 3
Aged Brie, 9, 49
Aged Brie, 9, 51
Aged Brie, 9, 11
Aged Brie, 9, 13
Aged Brie, 9, 16
Aged Brie, -1, 12
Aged Brie, -1, 2
Aged Brie, -1, 50
Aged Brie, -1, 3
Aged Brie, -1, 50
Aged Brie, -1, 32
Aged Brie, -1, 7
Aged Brie, -1, 4
Aged Brie, -1, 50
Aged Brie, -1, 51
Aged Brie, -1, 12
Aged Brie, -1, 14
Aged Brie, -1, 17
Aged Brie, -2, 12
Aged Brie, -2, 2
Aged Brie, -2, 50
Aged Brie, -2, 3
Aged Brie, -2, 50
Aged Brie, -2, 32
Aged Brie, -2, 7
Aged Brie, -2, 4
Aged Brie, -2, 50
Aged Brie, -2, 51
Aged Brie, -2, 12
Aged Brie, -2, 14
Aged Brie, -2, 17
Aged Brie, 5, 11
Aged Brie, 5, 1
Aged Brie, 5, 50
Aged Brie, 5, 2
Aged Brie, 5, 50
Aged Brie, 5, 31
Aged Brie, 5, 6
Aged Brie, 5, 3
Aged Brie, 5, 49
Aged Brie, 5, 51
Aged Brie, 5, 11
Aged Brie, 5, 13
Aged Brie, 5, 16
Aged Brie, 14, 11
Aged Brie, 14, 1
Aged Brie, 14, 50
Aged Brie, 14, 2
Aged Brie, 14, 50
Aged Brie, 14, 31
Aged Brie, 14, 6
Aged Brie, 14, 3
Aged Brie, 14, 49
Aged Brie, 14, 51
Aged Brie, 14, 11
Aged Brie, 14, 13
Aged Brie, 14, 16
Aged Brie, 4, 11
Aged Brie, 4, 1
Aged Brie, 4, 50
Aged Brie, 4, 2
Aged Brie, 4, 50
Aged Brie, 4, 31
Aged Brie, 4, 6
Aged Brie, 4, 3
Aged Brie, 4, 49
Aged Brie, 4, 51
Aged Brie, 4, 11
Aged Brie, 4, 13
Aged Brie, 4, 16
Aged Brie, -6, 12
Aged Brie, -6, 2
Aged Brie, -6, 50
Aged Brie, -6, 3
Aged Brie, -6, 50
Aged Brie, -6, 32
Aged Brie, -6, 7
Aged Brie, -6, 4
Aged Brie, -6, 50
Aged Brie, -6, 51
Aged Brie, -6, 12
Aged Brie, -6, 14
Aged Brie, -6, 17
Aged Brie, 0, 11
Aged Brie, 0, 1
Aged Brie, 0, 50
Aged Brie, 0, 2
Aged Brie, 0, 50
Aged Brie, 0, 31
Aged Brie, 0, 6
Aged Brie, 0, 3
Aged Brie, 0, 49
Aged Brie, 0, 51
Aged Brie, 0, 11
Aged Brie, 0, 13
Aged Brie, 0, 16
Aged Brie, 2, 11
Aged Brie, 2, 1
Aged Brie, 2, 50
Aged Brie, 2, 2
Aged Brie, 2, 50
Aged Brie, 2, 31
Aged Brie, 2, 6
Aged Brie, 2, 3
Aged Brie, 2, 49
Aged Brie, 2, 51
Aged Brie, 2, 11
Aged Brie, 2, 13
Aged Brie, 2, 16
Aged Brie, -11, 12
Aged Brie, -11, 2
Aged Brie, -11, 50
Aged Brie, -11, 3
Aged Brie, -11, 50
Aged Brie, -11, 32
Aged Brie, -11, 7
Aged Brie, -11, 4
Aged Brie, -11, 50
Aged Brie, -11, 51
Aged Brie, -11, 12
Aged Brie, -11, 14
Aged Brie, -11, 17
Aged Brie, 10, 11
Aged Brie, 10, 1
Aged Brie, 10, 50
Aged Brie, 10, 2
Aged Brie, 10, 50
Aged Brie, 10, 31
Aged Brie, 10, 6
Aged Brie, 10, 3
Aged Brie, 10, 49
Aged Brie, 10, 51
Aged Brie, 10, 11
Aged Brie, 10, 13
Aged Brie, 10, 16
Aged Brie, 1, 11
Aged Brie, 1, 1
Aged Brie, 1, 50
Aged Brie, 1, 2
Aged Brie, 1, 50
Aged Brie, 1, 31
Aged Brie, 1, 6
Aged Brie, 1, 3
Aged Brie, 1, 49
Aged Brie, 1, 51
Aged Brie, 1, 11
Aged Brie, 1, 13
Aged Brie, 1, 16
Sulfuras, Hand of Ragnaros, 10, 10
Sulfuras, Hand of Ragnaros, 10, 0
Sulfuras, Hand of Ragnaros, 10, 50
Sulfuras, Hand of Ragnaros, 10, 1
Sulfuras, Hand of Ragnaros, 10, 49
Sulfuras, Hand of Ragnaros, 10, 30
Sulfuras, Hand of Ragnaros, 10, 5
Sulfuras, Hand of Ragnaros, 10, 2
Sulfuras, Hand of Ragnaros, 10, 48
Sulfuras, Hand of Ragnaros, 10, 51
Sulfuras, Hand of Ragnaros, 10, 10
Sulfuras, Hand of Ragnaros, 10, 12
Sulfuras, Hand of Ragnaros, 10, 15
Sulfuras, Hand of Ragnaros, 0, 10
Sulfuras, Hand of Ragnaros, 0, 0
Sulfuras, Hand of Ragnaros, 0, 50
Sulfuras, Hand of Ragnaros, 0, 1
Sulfuras, Hand of Ragnaros, 0, 49
Sulfuras, Hand of Ragnaros, 0, 30
Sulfuras, Hand of Ragnaros, 0, 5
Sulfuras, Hand of Ragnaros, 0, 2
Sulfuras, Hand of Ragnaros, 0, 48
Sulfuras, Hand of Ragnaros, 0, 51
Sulfuras, Hand of Ragnaros, 0, 10
Sulfuras, Hand of Ragnaros, 0, 12
Sulfuras, Hand of Ragnaros, 0, 15
Sulfuras, Hand of Ragnaros, -1, 10
Sulfuras, Hand of Ragnaros, -1, 0
Sulfuras, Hand of Ragnaros, -1, 50
Sulfuras, Hand of Ragnaros, -1, 1
Sulfuras, Hand of Ragnaros, -1, 49
Sulfuras, Hand of Ragnaros, -1, 30
Sulfuras, Hand of Ragnaros, -1, 5
Sulfuras, Hand of Ragnaros, -1, 2
Sulfuras, Hand of Ragnaros, -1, 48
Sulfuras, Hand of Ragnaros, -1, 51
Sulfuras, Hand of Ragnaros, -1, 10
Sulfuras, Hand of Ragnaros, -1, 12
Sulfuras, Hand of Ragnaros, -1, 15
Sulfuras, Hand of Ragnaros, 6, 10
Sulfuras, Hand of Ragnaros, 6, 0
Sulfuras, Hand of Ragnaros, 6, 50
Sulfuras, Hand of Ragnaros, 6, 1
Sulfuras, Hand of Ragnaros, 6, 49
Sulfuras, Hand of Ragnaros, 6, 30
Sulfuras, Hand of Ragnaros, 6, 5
Sulfuras, Hand of Ragnaros, 6, 2
Sulfuras, Hand of Ragnaros, 6, 48
Sulfuras, Hand of Ragnaros, 6, 51
Sulfuras, Hand of Ragnaros, 6, 10
Sulfuras, Hand of Ragnaros, 6, 12
Sulfuras, Hand of Ragnaros, 6, 15
Sulfuras, Hand of Ragnaros, 15, 10
Sulfuras, Hand of Ragnaros, 15, 0
Sulfuras, Hand of Ragnaros, 15, 50
Sulfuras, Hand of Ragnaros, 15, 1
Sulfuras, Hand of Ragnaros, 15, 49
Sulfuras, Hand of Ragnaros, 15, 30
Sulfuras, Hand of Ragnaros, 15, 5
Sulfuras, Hand of Ragnaros, 15, 2
Sulfuras, Hand of Ragnaros, 15, 48
Sulfuras, Hand of Ragnaros, 15, 51
Sulfuras, Hand of Ragnaros, 15, 10
Sulfuras, Hand of Ragnaros, 15, 12
Sulfuras, Hand of Ragnaros, 15, 15
Sulfuras, Hand of Ragnaros, 5, 10
Sulfuras, Hand of Ragnaros, 5, 0
Sulfuras, Hand of Ragnaros, 5, 50
Sulfuras, Hand of Ragnaros, 5, 1
Sulfuras, Hand of Ragnaros, 5, 49
Sulfuras, Hand of Ragnaros, 5, 30
Sulfuras, Hand of Ragnaros, 5, 5
Sulfuras, Hand of Ragnaros, 5, 2
Sulfuras, Hand of Ragnaros, 5, 48
Sulfuras, Hand of Ragnaros, 5, 51
Sulfuras, Hand of Ragnaros, 5, 10
Sulfuras, Hand of Ragnaros, 5, 12
Sulfuras, Hand of Ragnaros, 5, 15
Sulfuras, Hand of Ragnaros, -5, 10
Sulfuras, Hand of Ragnaros, -5, 0
Sulfuras, Hand of Ragnaros, -5, 50
Sulfuras, Hand of Ragnaros, -5, 1
Sulfuras, Hand of Ragnaros, -5, 49
Sulfuras, Hand of Ragnaros, -5, 30
Sulfuras, Hand of Ragnaros, -5, 5
Sulfuras, Hand of Ragnaros, -5, 2
Sulfuras, Hand of Ragnaros, -5, 48
Sulfuras, Hand of Ragnaros, -5, 51
Sulfuras, Hand of Ragnaros, -5, 10
Sulfuras, Hand of Ragnaros, -5, 12
Sulfuras, Hand of Ragnaros, -5, 15
Sulfuras, Hand of Ragnaros, 1, 10
Sulfuras, Hand of Ragnaros, 1, 0
Sulfuras, Hand of Ragnaros, 1, 50
Sulfuras, Hand of Ragnaros, 1, 1
Sulfuras, Hand of Ragnaros, 1, 49
Sulfuras, Hand of Ragnaros, 1, 30
Sulfuras, Hand of Ragnaros, 1, 5
Sulfuras, Hand of Ragnaros, 1, 2
Sulfuras, Hand of Ragnaros, 1, 48
Sulfuras, Hand of Ragnaros, 1, 51
Sulfuras, Hand of Ragnaros, 1, 10
Sulfuras, Hand of Ragnaros, 1, 12
Sulfuras, Hand of Ragnaros, 1, 15
Sulfuras, Hand of Ragnaros, 3, 10
Sulfuras, Hand of Ragnaros, 3, 0
Sulfuras, Hand of Ragnaros, 3, 50
Sulfuras, Hand of Ragnaros, 3, 1
Sulfuras, Hand of Ragnaros, 3, 49
Sulfuras, Hand of Ragnaros, 3, 30
Sulfuras, Hand of Ragnaros, 3, 5
Sulfuras, Hand of Ragnaros, 3, 2
Sulfuras, Hand of Ragnaros, 3, 48
Sulfuras, Hand of Ragnaros, 3, 51
Sulfuras, Hand of Ragnaros, 3, 10
Sulfuras, Hand of Ragnaros, 3, 12
Sulfuras, Hand of Ragnaros, 3, 15
Sulfuras, Hand of Ragnaros, -10, 10
Sulfuras, Hand of Ragnaros, -10, 0
Sulfuras, Hand of Ragnaros, -10, 50
Sulfuras, Hand of Ragnaros, -10, 1
Sulfuras, Hand of Ragnaros, -10, 49
Sulfuras, Hand of Ragnaros, -10, 30
Sulfuras, Hand of Ragnaros, -10, 5
Sulfuras, Hand of Ragnaros, -10, 2
Sulfuras, Hand of Ragnaros, -10, 48
Sulfuras, Hand of Ragnaros, -10, 51
Sulfuras, Hand of Ragnaros, -10, 10
Sulfuras, Hand of Ragnaros, -10, 12
Sulfuras, Hand of Ragnaros, -10, 15
Sulfuras, Hand of Ragnaros, 11, 10
Sulfuras, Hand of Ragnaros, 11, 0
Sulfuras, Hand of Ragnaros, 11, 50
Sulfuras, Hand of Ragnaros, 11, 1
Sulfuras, Hand of Ragnaros, 11, 49
Sulfuras, Hand of Ragnaros, 11, 30
Sulfuras, Hand of Ragnaros, 11, 5
Sulfuras, Hand of Ragnaros, 11, 2
Sulfuras, Hand of Ragnaros, 11, 48
Sulfuras, Hand of Ragnaros, 11, 51
Sulfuras, Hand of Ragnaros, 11, 10
Sulfuras, Hand of Ragnaros, 11, 12
Sulfuras, Hand of Ragnaros, 11, 15
Sulfuras, Hand of Ragnaros, 2, 10
Sulfuras, Hand of Ragnaros, 2, 0
Sulfuras, Hand of Ragnaros, 2, 50
Sulfuras, Hand of Ragnaros, 2, 1
Sulfuras, Hand of Ragnaros, 2, 49
Sulfuras, Hand of Ragnaros, 2, 30
Sulfuras, Hand of Ragnaros, 2, 5
Sulfuras, Hand of Ragnaros, 2, 2
Sulfuras, Hand of Ragnaros, 2, 48
Sulfuras, Hand of Ragnaros, 2, 51
Sulfuras, Hand of Ragnaros, 2, 10
Sulfuras, Hand of Ragnaros, 2, 12
Sulfuras, Hand of Ragnaros, 2, 15
Backstage passes to a TAFKAL80ETC concert, 9, 12
Backstage passes to a TAFKAL80ETC concert, 9, 2
Backstage passes to a TAFKAL80ETC concert, 9, 50
Backstage passes to a TAFKAL80ETC concert, 9, 3
Backstage passes to a TAFKAL80ETC concert, 9, 50
Backstage passes to a TAFKAL80ETC concert, 9, 32
Backstage passes to a TAFKAL80ETC concert, 9, 7
Backstage passes to a TAFKAL80ETC concert, 9, 4
Backstage passes to a TAFKAL80ETC concert, 9, 50
Backstage passes to a TAFKAL80ETC concert, 9, 51
Backstage passes to a TAFKAL80ETC concert, 9, 12
Backstage passes to a TAFKAL80ETC concert, 9, 14
Backstage passes to a TAFKAL80ETC concert, 9, 17
Backstage passes to a TAFKAL80ETC concert, -1, 0
Backstage passes to a TAFKAL80ETC concert, -1, 0
Backstage passes to a TAFKAL80ETC concert, -1, 0
Backstage passes to a TAFKAL80ETC concert, -1, 0
Backstage passes to a TAFKAL80ETC concert, -1, 0
Backstage passes to a TAFKAL80ETC concert, -1, 0
Backstage passes to a TAFKAL80ETC concert, -1, 0
Backstage passes to a TAFKAL80ETC concert, -1, 0
Backstage passes to a TAFKAL80ETC concert, -1, 0
Backstage passes to a TAFKAL80ETC concert, -1, 0
Backstage passes to a TAFKAL80ETC concert, -1, 0
Backstage passes to a TAFKAL80ETC concert, -1, 0
Backstage passes to a TAFKAL80ETC concert, -1, 0
Backstage passes to a TAFKAL80ETC concert, -2, 0
Backstage passes to a TAFKAL80ETC concert, -2, 0
Backstage passes to a TAFKAL80ETC concert, -2, 0
Backstage passes to a TAFKAL80ETC concert, -2, 0
Backstage passes to a TAFKAL80ETC concert, -2, 0
Backstage passes to a TAFKAL80ETC concert, -2, 0
Backstage passes to a TAFKAL80ETC concert, -2, 0
Backstage passes to a TAFKAL80ETC concert, -2, 0
Backstage passes to a TAFKAL80ETC concert, -2, 0
Backstage passes to a TAFKAL80ETC concert, -2, 0
Backstage passes to a TAFKAL80ETC concert, -2, 0
Backstage passes to a TAFKAL80ETC concert, -2, 0
Backstage passes to a TAFKAL80ETC concert, -2, 0
Backstage passes to a TAFKAL80ETC concert, 5, 12
Backstage passes to a TAFKAL80ETC concert, 5, 2
Backstage passes to a TAFKAL80ETC concert, 5, 50
Backstage passes to a TAFKAL80ETC concert, 5, 3
Backstage passes to a TAFKAL80ETC concert, 5, 50
Backstage passes to a TAFKAL80ETC concert, 5, 32
Backstage passes to a TAFKAL80ETC concert, 5, 7
Backstage passes to a TAFKAL80ETC concert, 5, 4
Backstage passes to a TAFKAL80ETC concert, 5, 50
Backstage passes to a TAFKAL80ETC concert, 5, 51
Backstage passes to a TAFKAL80ETC concert, 5, 12
Backstage passes to a TAFKAL80ETC concert, 5, 14
Backstage passes to a TAFKAL80ETC concert, 5, 17
Backstage passes to a TAFKAL80ETC concert, 14, 11
Backstage passes to a TAFKAL80ETC concert, 14, 1
Backstage passes to a TAFKAL80ETC concert, 14, 50
Backstage passes to a TAFKAL80ETC concert, 14, 2
Backstage passes to a TAFKAL80ETC concert, 14, 50
Backstage passes to a TAFKAL80ETC concert, 14, 31
Backstage passes to a TAFKAL80ETC concert, 14, 6
Backstage passes to a TAFKAL80ETC concert, 14, 3
Backstage passes to a TAFKAL80ETC concert, 14, 49
Backstage passes to a TAFKAL80ETC concert, 14, 51
Backstage passes to a TAFKAL80ETC concert, 14, 11
Backstage passes to a TAFKAL80ETC concert, 14, 13
Backstage passes to a TAFKAL80ETC concert, 14, 16
Backstage passes to a TAFKAL80ETC concert, 4, 13
Backstage passes to a TAFKAL80ETC concert, 4, 3
Backstage passes to a TAFKAL80ETC concert, 4, 50
Backstage passes to a TAFKAL80ETC concert, 4, 4
Backstage passes to a TAFKAL80ETC concert, 4, 50
Backstage passes to a TAFKAL80ETC concert, 4, 33
Backstage passes to a TAFKAL80ETC concert, 4, 8
Backstage passes to a TAFKAL80ETC concert, 4, 5
Backstage passes to a TAFKAL80ETC concert, 4, 50
Backstage passes to a TAFKAL80ETC concert, 4, 51
Backstage passes to a TAFKAL80ETC concert, 4, 13
Backstage passes to a TAFKAL80ETC concert, 4, 15
Backstage passes to a TAFKAL80ETC concert, 4, 18
Backstage passes to a TAFKAL80ETC concert, -6, 0
Backstage passes to a TAFKAL80ETC concert, -6, 0
Backstage passes to a TAFKAL80ETC concert, -6, 0
Backstage passes to a TAFKAL80ETC concert, -6, 0
Backstage passes to a TAFKAL80ETC concert, -6, 0
Backstage passes to a TAFKAL80ETC concert, -6, 0
Backstage passes to a TAFKAL80ETC concert, -6, 0
Backstage passes to a TAFKAL80ETC concert, -6, 0
Backstage passes to a TAFKAL80ETC concert, -6, 0
Backstage passes to a TAFKAL80ETC concert, -6, 0
Backstage passes to a TAFKAL80ETC concert, -6, 0
Backstage passes to a TAFKAL80ETC concert, -6, 0
Backstage passes to a TAFKAL80ETC concert, -6, 0
Backstage passes to a TAFKAL80ETC concert, 0, 13
Backstage passes to a TAFKAL80ETC concert, 0, 3
Backstage passes to a TAFKAL80ETC concert, 0, 50
Backstage passes to a TAFKAL80ETC concert, 0, 4
Backstage passes to a TAFKAL80ETC concert, 0, 50
Backstage passes to a TAFKAL80ETC concert, 0, 33
Backstage passes to a TAFKAL80ETC concert, 0, 8
Backstage passes to a TAFKAL80ETC concert, 0, 5
Backstage passes to a TAFKAL80ETC concert, 0, 50
Backstage passes to a TAFKAL80ETC concert, 0, 51
Backstage passes to a TAFKAL80ETC concert, 0, 13
Backstage passes to a TAFKAL80ETC concert, 0, 15
Backstage passes to a TAFKAL80ETC concert, 0, 18
Backstage passes to a TAFKAL80ETC concert, 2, 13
Backstage passes to a TAFKAL80ETC concert, 2, 3
Backstage passes to a TAFKAL80ETC concert, 2, 50
Backstage passes to a TAFKAL80ETC concert, 2, 4
Backstage passes to a TAFKAL80ETC concert, 2, 50
Backstage passes to a TAFKAL80ETC concert, 2, 33
Backstage passes to a TAFKAL80ETC concert, 2, 8
Backstage passes to a TAFKAL80ETC concert, 2, 5
Backstage passes to a TAFKAL80ETC concert, 2, 50
Backstage passes to a TAFKAL80ETC concert, 2, 51
Backstage passes to a TAFKAL80ETC concert, 2, 13
Backstage passes to a TAFKAL80ETC concert, 2, 15
Backstage passes to a TAFKAL80ETC concert, 2, 18
Backstage passes to a TAFKAL80ETC concert, -11, 0
Backstage passes to a TAFKAL80ETC concert, -11, 0
Backstage passes to a TAFKAL80ETC concert, -11, 0
Backstage passes to a TAFKAL80ETC concert, -11, 0
Backstage passes to a TAFKAL80ETC concert, -11, 0
Backstage passes to a TAFKAL80ETC concert, -11, 0
Backstage passes to a TAFKAL80ETC concert, -11, 0
Backstage passes to a TAFKAL80ETC concert, -11, 0
Backstage passes to a TAFKAL80ETC concert, -11, 0
Backstage passes to a TAFKAL80ETC concert, -11, 0
Backstage passes to a TAFKAL80ETC concert, -11, 0
Backstage passes to a TAFKAL80ETC concert, -11, 0
Backstage passes to a TAFKAL80ETC concert, -11, 0
Backstage passes to a TAFKAL80ETC concert, 10, 11
Backstage passes to a TAFKAL80ETC concert, 10, 1
Backstage passes to a TAFKAL80ETC concert, 10, 50
Backstage passes to a TAFKAL80ETC concert, 10, 2
Backstage passes to a TAFKAL80ETC concert, 10, 50
Backstage passes to a TAFKAL80ETC concert, 10, 31
Backstage passes to a TAFKAL80ETC concert, 10, 6
Backstage passes to a TAFKAL80ETC concert, 10, 3
Backstage passes to a TAFKAL80ETC concert, 10, 49
Backstage passes to a TAFKAL80ETC concert, 10, 51
Backstage passes to a TAFKAL80ETC concert, 10, 11
Backstage passes to a TAFKAL80ETC concert, 10, 13
Backstage passes to a TAFKAL80ETC concert, 10, 16
Backstage passes to a TAFKAL80ETC concert, 1, 13
Backstage passes to a TAFKAL80ETC concert, 1, 3
Backstage passes to a TAFKAL80ETC concert, 1, 50
Backstage passes to a TAFKAL80ETC concert, 1, 4
Backstage passes to a TAFKAL80ETC concert, 1, 50
Backstage passes to a TAFKAL80ETC concert, 1, 33
Backstage passes to a TAFKAL80ETC concert, 1, 8
Backstage passes to a TAFKAL80ETC concert, 1, 5
Backstage passes to a TAFKAL80ETC concert, 1, 50
Backstage passes to a TAFKAL80ETC concert, 1, 51
Backstage passes to a TAFKAL80ETC concert, 1, 13
Backstage passes to a TAFKAL80ETC concert, 1, 15
Backstage passes to a TAFKAL80ETC concert, 1, 18
Regular Item, 9, 9
Regular Item, 9, 0
Regular Item, 9, 49
Regular Item, 9, 0
Regular Item, 9, 48
Regular Item, 9, 29
Regular Item, 9, 4
Regular Item, 9, 1
Regular Item, 9, 47
Regular Item, 9, 50
Regular Item, 9, 9
Regular Item, 9, 11
Regular Item, 9, 14
Regular Item, -1, 8
Regular Item, -1, 0
Regular Item, -1, 48
Regular Item, -1, 0
Regular Item, -1, 47
Regular Item, -1, 28
Regular Item, -1, 3
Regular Item, -1, 0
Regular Item, -1, 46
Regular Item, -1, 49
Regular Item, -1, 8
Regular Item, -1, 10
Regular Item, -1, 13
Regular Item, -2, 8
Regular Item, -2, 0
Regular Item, -2, 48
Regular Item, -2, 0
Regular Item, -2, 47
Regular Item, -2, 28
Regular Item, -2, 3
Regular Item, -2, 0
Regular Item, -2, 46
Regular Item, -2, 49
Regular Item, -2, 8
Regular Item, -2, 10
Regular Item, -2, 13
Regular Item, 5, 9
Regular Item, 5, 0
Regular Item, 5, 49
Regular Item, 5, 0
Regular Item, 5, 48
Regular Item, 5, 29
Regular Item, 5, 4
Regular Item, 5, 1
Regular Item, 5, 47
Regular Item, 5, 50
Regular Item, 5, 9
Regular Item, 5, 11
Regular Item, 5, 14
Regular Item, 14, 9
Regular Item, 14, 0
Regular Item, 14, 49
Regular Item, 14, 0
Regular Item, 14, 48
Regular Item, 14, 29
Regular Item, 14, 4
Regular Item, 14, 1
Regular Item, 14, 47
Regular Item, 14, 50
Regular Item, 14, 9
Regular Item, 14, 11
Regular Item, 14, 14
Regular Item, 4, 9
Regular Item, 4, 0
Regular Item, 4, 49
Regular Item, 4, 0
Regular Item, 4, 48
Regular Item, 4, 29
Regular Item, 4, 4
Regular Item, 4, 1
Regular Item, 4, 47
Regular Item, 4, 50
Regular Item, 4, 9
Regular Item, 4, 11
Regular Item, 4, 14
Regular Item, -6, 8
Regular Item, -6, 0
Regular Item, -6, 48
Regular Item, -6, 0
Regular Item, -6, 47
Regular Item, -6, 28
Regular Item, -6, 3
Regular Item, -6, 0
Regular Item, -6, 46
Regular Item, -6, 49
Regular Item, -6, 8
Regular Item, -6, 10
Regular Item, -6, 13
Regular Item, 0, 9
Regular Item, 0, 0
Regular Item, 0, 49
Regular Item, 0, 0
Regular Item, 0, 48
Regular Item, 0, 29
Regular Item, 0, 4
Regular Item, 0, 1
Regular Item, 0, 47
Regular Item, 0, 50
Regular Item, 0, 9
Regular Item, 0, 11
Regular Item, 0, 14
Regular Item, 2, 9
Regular Item, 2, 0
Regular Item, 2, 49
Regular Item, 2, 0
Regular Item, 2, 48
Regular Item, 2, 29
Regular Item, 2, 4
Regular Item, 2, 1
Regular Item, 2, 47
Regular Item, 2, 50
Regular Item, 2, 9
Regular Item, 2, 11
Regular Item, 2, 14
Regular Item, -11, 8
Regular Item, -11, 0
Regular Item, -11, 48
Regular Item, -11, 0
Regular Item, -11, 47
Regular Item, -11, 28
Regular Item, -11, 3
Regular Item, -11, 0
Regular Item, -11, 46
Regular Item, -11, 49
Regular Item, -11, 8
Regular Item, -11, 10
Regular Item, -11, 13
Regular Item, 10, 9
Regular Item, 10, 0
Regular Item, 10, 49
Regular Item, 10, 0
Regular Item, 10, 48
Regular Item, 10, 29
Regular Item, 10, 4
Regular Item, 10, 1
Regular Item, 10, 47
Regular Item, 10, 50
Regular Item, 10, 9
Regular Item, 10, 11
Regular Item, 10, 14
Regular Item, 1, 9
Regular Item, 1, 0
Regular Item, 1, 49
Regular Item, 1, 0
Regular Item, 1, 48
Regular Item, 1, 29
Regular Item, 1, 4
Regular Item, 1, 1
Regular Item, 1, 47
Regular Item, 1, 50
Regular Item, 1, 9
Regular Item, 1, 11
Regular Item, 1, 14
Conjured Item, 9, 9
Conjured Item, 9, 0
Conjured Item, 9, 49
Conjured Item, 9, 0
Conjured Item, 9, 48
Conjured Item, 9, 29
Conjured Item, 9, 4
Conjured Item, 9, 1
Conjured Item, 9, 47
Conjured Item, 9, 50
Conjured Item, 9, 9
Conjured Item, 9, 11
Conjured Item, 9, 14
Conjured Item, -1, 8
Conjured Item, -1, 0
Conjured Item, -1, 48
Conjured Item, -1, 0
Conjured Item, -1, 47
Conjured Item, -1, 28
Conjured Item, -1, 3
Conjured Item, -1, 0
Conjured Item, -1, 46
Conjured Item, -1, 49
Conjured Item, -1, 8
Conjured Item, -1, 10
Conjured Item, -1, 13
Conjured Item, -2, 8
Conjured Item, -2, 0
Conjured Item, -2, 48
Conjured Item, -2, 0
Conjured Item, -2, 47
Conjured Item, -2, 28
Conjured Item, -2, 3
Conjured Item, -2, 0
Conjured Item, -2, 46
Conjured Item, -2, 49
Conjured Item, -2, 8
Conjured Item, -2, 10
Conjured Item, -2, 13
Conjured Item, 5, 9
Conjured Item, 5, 0
Conjured Item, 5, 49
Conjured Item, 5, 0
Conjured Item, 5, 48
Conjured Item, 5, 29
Conjured Item, 5, 4
Conjured Item, 5, 1
Conjured Item, 5, 47
Conjured Item, 5, 50
Conjured Item, 5, 9
Conjured Item, 5, 11
Conjured Item, 5, 14
Conjured Item, 14, 9
Conjured Item, 14, 0
Conjured Item, 14, 49
Conjured Item, 14, 0
Conjured Item, 14, 48
Conjured Item, 14, 29
Conjured Item, 14, 4
Conjured Item, 14, 1
Conjured Item, 14, 47
Conjured Item, 14, 50
Conjured Item, 14, 9
Conjured Item, 14, 11
Conjured Item, 14, 14
Conjured Item, 4, 9
Conjured Item, 4, 0
Conjured Item, 4, 49
Conjured Item, 4, 0
Conjured Item, 4, 48
Conjured Item, 4, 29
Conjured Item, 4, 4
Conjured Item, 4, 1
Conjured Item, 4, 47
Conjured Item, 4, 50
Conjured Item, 4, 9
Conjured Item, 4, 11
Conjured Item, 4, 14
Conjured Item, -6, 8
Conjured Item, -6, 0
Conjured Item, -6, 48
Conjured Item, -6, 0
Conjured Item, -6, 47
Conjured Item, -6, 28
Conjured Item, -6, 3
Conjured Item, -6, 0
Conjured Item, -6, 46
Conjured Item, -6, 49
Conjured Item, -6, 8
Conjured Item, -6, 10
Conjured Item, -6, 13
Conjured Item, 0, 9
Conjured Item, 0, 0
Conjured Item, 0, 49
Conjured Item, 0, 0
Conjured Item, 0, 48
Conjured Item, 0, 29
Conjured Item, 0, 4
Conjured Item, 0, 1
Conjured Item, 0, 47
Conjured Item, 0, 50
Conjured Item, 0, 9
Conjured Item, 0, 11
Conjured Item, 0, 14
Conjured Item, 2, 9
Conjured Item, 2, 0
Conjured Item, 2, 49
Conjured Item, 2, 0
Conjured Item, 2, 48
Conjured Item, 2, 29
Conjured Item, 2, 4
Conjured Item, 2, 1
Conjured Item, 2, 47
Conjured Item, 2, 50
Conjured Item, 2, 9
Conjured Item, 2, 11
Conjured Item, 2, 14
Conjured Item, -11, 8
Conjured Item, -11, 0
Conjured Item, -11, 48
Conjured Item, -11, 0
Conjured Item, -11, 47
Conjured Item, -11, 28
Conjured Item, -11, 3
Conjured Item, -11, 0
Conjured Item, -11, 46
Conjured Item, -11, 49
Conjured Item, -11, 8
Conjured Item, -11, 10
Conjured Item, -11, 13
Conjured Item, 10, 9
Conjured Item, 10, 0
Conjured Item, 10, 49
Conjured Item, 10, 0
Conjured Item, 10, 48
Conjured Item, 10, 29
Conjured Item, 10, 4
Conjured Item, 10, 1
Conjured Item, 10, 47
Conjured Item, 10, 50
Conjured Item, 10, 9
Conjured Item, 10, 11
Conjured Item, 10, 14
Conjured Item, 1, 9
Conjured Item, 1, 0
Conjured Item, 1, 49
Conjured Item, 1, 0
Conjured Item, 1, 48
Conjured Item, 1, 29
Conjured Item, 1, 4
Conjured Item, 1, 1
Conjured Item, 1, 47
Conjured Item, 1, 50
Conjured Item, 1, 9
Conjured Item, 1, 11
Conjured Item, 1, 14
Legendary Item, 9, 9
Legendary Item, 9, 0
Legendary Item, 9, 49
Legendary Item, 9, 0
Legendary Item, 9, 48
Legendary Item, 9, 29
Legendary Item, 9, 4
Legendary Item, 9, 1
Legendary Item, 9, 47
Legendary Item, 9, 50
Legendary Item, 9, 9
Legendary Item, 9, 11
Legendary Item, 9, 14
Legendary Item, -1, 8
Legendary Item, -1, 0
Legendary Item, -1, 48
Legendary Item, -1, 0
Legendary Item, -1, 47
Legendary Item, -1, 28
Legendary Item, -1, 3
Legendary Item, -1, 0
Legendary Item, -1, 46
Legendary Item, -1, 49
Legendary Item, -1, 8
Legendary Item, -1, 10
Legendary Item, -1, 13
Legendary Item, -2, 8
Legendary Item, -2, 0
Legendary Item, -2, 48
Legendary Item, -2, 0
Legendary Item, -2, 47
Legendary Item, -2, 28
Legendary Item, -2, 3
Legendary Item, -2, 0
Legendary Item, -2, 46
Legendary Item, -2, 49
Legendary Item, -2, 8
Legendary Item, -2, 10
Legendary Item, -2, 13
Legendary Item, 5, 9
Legendary Item, 5, 0
Legendary Item, 5, 49
Legendary Item, 5, 0
Legendary Item, 5, 48
Legendary Item, 5, 29
Legendary Item, 5, 4
Legendary Item, 5, 1
Legendary Item, 5, 47
Legendary Item, 5, 50
Legendary Item, 5, 9
Legendary Item, 5, 11
Legendary Item, 5, 14
Legendary Item, 14, 9
Legendary Item, 14, 0
Legendary Item, 14, 49
Legendary Item, 14, 0
Legendary Item, 14, 48
Legendary Item, 14, 29
Legendary Item, 14, 4
Legendary Item, 14, 1
Legendary Item, 14, 47
Legendary Item, 14, 50
Legendary Item, 14, 9
Legendary Item, 14, 11
Legendary Item, 14, 14
Legendary Item, 4, 9
Legendary Item, 4, 0
Legendary Item, 4, 49
Legendary Item, 4, 0
Legendary Item, 4, 48
Legendary Item, 4, 29
Legendary Item, 4, 4
Legendary Item, 4, 1
Legendary Item, 4, 47
Legendary Item, 4, 50
Legendary Item, 4, 9
Legendary Item, 4, 11
Legendary Item, 4, 14
Legendary Item, -6, 8
Legendary Item, -6, 0
Legendary Item, -6, 48
Legendary Item, -6, 0
Legendary Item, -6, 47
Legendary Item, -6, 28
Legendary Item, -6, 3
Legendary Item, -6, 0
Legendary Item, -6, 46
Legendary Item, -6, 49
Legendary Item, -6, 8
Legendary Item, -6, 10
Legendary Item, -6, 13
Legendary Item, 0, 9
Legendary Item, 0, 0
Legendary Item, 0, 49
Legendary Item, 0, 0
Legendary Item, 0, 48
Legendary Item, 0, 29
Legendary Item, 0, 4
Legendary Item, 0, 1
Legendary Item, 0, 47
Legendary Item, 0, 50
Legendary Item, 0, 9
Legendary Item, 0, 11
Legendary Item, 0, 14
Legendary Item, 2, 9
Legendary Item, 2, 0
Legendary Item, 2, 49
Legendary Item, 2, 0
Legendary Item, 2, 48
Legendary Item, 2, 29
Legendary Item, 2, 4
Legendary Item, 2, 1
Legendary Item, 2, 47
Legendary Item, 2, 50
Legendary Item, 2, 9
Legendary Item, 2, 11
Legendary Item, 2, 14
Legendary Item, -11, 8
Legendary Item, -11, 0
Legendary Item, -11, 48
Legendary Item, -11, 0
Legendary Item, -11, 47
Legendary Item, -11, 28
Legendary Item, -11, 3
Legendary Item, -11, 0
Legendary Item, -11, 46
Legendary Item, -11, 49
Legendary Item, -11, 8
Legendary Item, -11, 10
Legendary Item, -11, 13
Legendary Item, 10, 9
Legendary Item, 10, 0
Legendary Item, 10, 49
Legendary Item, 10, 0
Legendary Item, 10, 48
Legendary Item, 10, 29
Legendary Item, 10, 4
Legendary Item, 10, 1
Legendary Item, 10, 47
Legendary Item, 10, 50
Legendary Item, 10, 9
Legendary Item, 10, 11
Legendary Item, 10, 14
Legendary Item, 1, 9
Legendary Item, 1, 0
Legendary Item, 1, 49
Legendary Item, 1, 0
Legendary Item, 1, 48
Legendary Item, 1, 29
Legendary Item, 1, 4
Legendary Item, 1, 1
Legendary Item, 1, 47
Legendary Item, 1, 50
Legendary Item, 1, 9
Legendary Item, 1, 11
Legendary Item, 1, 14
Invalid Item, 9, 9
Invalid Item, 9, 0
Invalid Item, 9, 49
Invalid Item, 9, 0
Invalid Item, 9, 48
Invalid Item, 9, 29
Invalid Item, 9, 4
Invalid Item, 9, 1
Invalid Item, 9, 47
Invalid Item, 9, 50
Invalid Item, 9, 9
Invalid Item, 9, 11
Invalid Item, 9, 14
Invalid Item, -1, 8
Invalid Item, -1, 0
Invalid Item, -1, 48
Invalid Item, -1, 0
Invalid Item, -1, 47
Invalid Item, -1, 28
Invalid Item, -1, 3
Invalid Item, -1, 0
Invalid Item, -1, 46
Invalid Item, -1, 49
Invalid Item, -1, 8
Invalid Item, -1, 10
Invalid Item, -1, 13
Invalid Item, -2, 8
Invalid Item, -2, 0
Invalid Item, -2, 48
Invalid Item, -2, 0
Invalid Item, -2, 47
Invalid Item, -2, 28
Invalid Item, -2, 3
Invalid Item, -2, 0
Invalid Item, -2, 46
Invalid Item, -2, 49
Invalid Item, -2, 8
Invalid Item, -2, 10
Invalid Item, -2, 13
Invalid Item, 5, 9
Invalid Item, 5, 0
Invalid Item, 5, 49
Invalid Item, 5, 0
Invalid Item, 5, 48
Invalid Item, 5, 29
Invalid Item, 5, 4
Invalid Item, 5, 1
Invalid Item, 5, 47
Invalid Item, 5, 50
Invalid Item, 5, 9
Invalid Item, 5, 11
Invalid Item, 5, 14
Invalid Item, 14, 9
Invalid Item, 14, 0
Invalid Item, 14, 49
Invalid Item, 14, 0
Invalid Item, 14, 48
Invalid Item, 14, 29
Invalid Item, 14, 4
Invalid Item, 14, 1
Invalid Item, 14, 47
Invalid Item, 14, 50
Invalid Item, 14, 9
Invalid Item, 14, 11
Invalid Item, 14, 14
Invalid Item, 4, 9
Invalid Item, 4, 0
Invalid Item, 4, 49
Invalid Item, 4, 0
Invalid Item, 4, 48
Invalid Item, 4, 29
Invalid Item, 4, 4
Invalid Item, 4, 1
Invalid Item, 4, 47
Invalid Item, 4, 50
Invalid Item, 4, 9
Invalid Item, 4, 11
Invalid Item, 4, 14
Invalid Item, -6, 8
Invalid Item, -6, 0
Invalid Item, -6, 48
Invalid Item, -6, 0
Invalid Item, -6, 47
Invalid Item, -6, 28
Invalid Item, -6, 3
Invalid Item, -6, 0
Invalid Item, -6, 46
Invalid Item, -6, 49
Invalid Item, -6, 8
Invalid Item, -6, 10
Invalid Item, -6, 13
Invalid Item, 0, 9
Invalid Item, 0, 0
Invalid Item, 0, 49
Invalid Item, 0, 0
Invalid Item, 0, 48
Invalid Item, 0, 29
Invalid Item, 0, 4
Invalid Item, 0, 1
Invalid Item, 0, 47
Invalid Item, 0, 50
Invalid Item, 0, 9
Invalid Item, 0, 11
Invalid Item, 0, 14
Invalid Item, 2, 9
Invalid Item, 2, 0
Invalid Item, 2, 49
Invalid Item, 2, 0
Invalid Item, 2, 48
Invalid Item, 2, 29
Invalid Item, 2, 4
Invalid Item, 2, 1
Invalid Item, 2, 47
Invalid Item, 2, 50
Invalid Item, 2, 9
Invalid Item, 2, 11
Invalid Item, 2, 14
Invalid Item, -11, 8
Invalid Item, -11, 0
Invalid Item, -11, 48
Invalid Item, -11, 0
Invalid Item, -11, 47
Invalid Item, -11, 28
Invalid Item, -11, 3
Invalid Item, -11, 0
Invalid Item, -11, 46
Invalid Item, -11, 49
Invalid Item, -11, 8
Invalid Item, -11, 10
Invalid Item, -11, 13
Invalid Item, 10, 9
Invalid Item, 10, 0
Invalid Item, 10, 49
Invalid Item, 10, 0
Invalid Item, 10, 48
Invalid Item, 10, 29
Invalid Item, 10, 4
Invalid Item, 10, 1
Invalid Item, 10, 47
Invalid Item, 10, 50
Invalid Item, 10, 9
Invalid Item, 10, 11
Invalid Item, 10, 14
Invalid Item, 1, 9
Invalid Item, 1, 0
Invalid Item, 1, 49
Invalid Item, 1, 0
Invalid Item, 1, 48
Invalid Item, 1, 29
Invalid Item, 1, 4
Invalid Item, 1, 1
Invalid Item, 1, 47
Invalid Item, 1, 50
Invalid Item, 1, 9
Invalid Item, 1, 11
Invalid Item, 1, 14
Rare Item, 9, 9
Rare Item, 9, 0
Rare Item, 9, 49
Rare Item, 9, 0
Rare Item, 9, 48
Rare Item, 9, 29
Rare Item, 9, 4
Rare Item, 9, 1
Rare Item, 9, 47
Rare Item, 9, 50
Rare Item, 9, 9
Rare Item, 9, 11
Rare Item, 9, 14
Rare Item, -1, 8
Rare Item, -1, 0
Rare Item, -1, 48
Rare Item, -1, 0
Rare Item, -1, 47
Rare Item, -1, 28
Rare Item, -1, 3
Rare Item, -1, 0
Rare Item, -1, 46
Rare Item, -1, 49
Rare Item, -1, 8
Rare Item, -1, 10
Rare Item, -1, 13
Rare Item, -2, 8
Rare Item, -2, 0
Rare Item, -2, 48
Rare Item, -2, 0
Rare Item, -2, 47
Rare Item, -2, 28
Rare Item, -2, 3
Rare Item, -2, 0
Rare Item, -2, 46
Rare Item, -2, 49
Rare Item, -2, 8
Rare Item, -2, 10
Rare Item, -2, 13
Rare Item, 5, 9
Rare Item, 5, 0
Rare Item, 5, 49
Rare Item, 5, 0
Rare Item, 5, 48
Rare Item, 5, 29
Rare Item, 5, 4
Rare Item, 5, 1
Rare Item, 5, 47
Rare Item, 5, 50
Rare Item, 5, 9
Rare Item, 5, 11
Rare Item, 5, 14
Rare Item, 14, 9
Rare Item, 14, 0
Rare Item, 14, 49
Rare Item, 14, 0
Rare Item, 14, 48
Rare Item, 14, 29
Rare Item, 14, 4
Rare Item, 14, 1
Rare Item, 14, 47
Rare Item, 14, 50
Rare Item, 14, 9
Rare Item, 14, 11
Rare Item, 14, 14
Rare Item, 4, 9
Rare Item, 4, 0
Rare Item, 4, 49
Rare Item, 4, 0
Rare Item, 4, 48
Rare Item, 4, 29
Rare Item, 4, 4
Rare Item, 4, 1
Rare Item, 4, 47
Rare Item, 4, 50
Rare Item, 4, 9
Rare Item, 4, 11
Rare Item, 4, 14
Rare Item, -6, 8
Rare Item, -6, 0
Rare Item, -6, 48
Rare Item, -6, 0
Rare Item, -6, 47
Rare Item, -6, 28
Rare Item, -6, 3
Rare Item, -6, 0
Rare Item, -6, 46
Rare Item, -6, 49
Rare Item, -6, 8
Rare Item, -6, 10
Rare Item, -6, 13
Rare Item, 0, 9
Rare Item, 0, 0
Rare Item, 0, 49
Rare Item, 0, 0
Rare Item, 0, 48
Rare Item, 0, 29
Rare Item, 0, 4
Rare Item, 0, 1
Rare Item, 0, 47
Rare Item, 0, 50
Rare Item, 0, 9
Rare Item, 0, 11
Rare Item, 0, 14
Rare Item, 2, 9
Rare Item, 2, 0
Rare Item, 2, 49
Rare Item, 2, 0
Rare Item, 2, 48
Rare Item, 2, 29
Rare Item, 2, 4
Rare Item, 2, 1
Rare Item, 2, 47
Rare Item, 2, 50
Rare Item, 2, 9
Rare Item, 2, 11
Rare Item, 2, 14
Rare Item, -11, 8
Rare Item, -11, 0
Rare Item, -11, 48
Rare Item, -11, 0
Rare Item, -11, 47
Rare Item, -11, 28
Rare Item, -11, 3
Rare Item, -11, 0
Rare Item, -11, 46
Rare Item, -11, 49
Rare Item, -11, 8
Rare Item, -11, 10
Rare Item, -11, 13
Rare Item, 10, 9
Rare Item, 10, 0
Rare Item, 10, 49
Rare Item, 10, 0
Rare Item, 10, 48
Rare Item, 10, 29
Rare Item, 10, 4
Rare Item, 10, 1
Rare Item, 10, 47
Rare Item, 10, 50
Rare Item, 10, 9
Rare Item, 10, 11
Rare Item, 10, 14
Rare Item, 1, 9
Rare Item, 1, 0
Rare Item, 1, 49
Rare Item, 1, 0
Rare Item, 1, 48
Rare Item, 1, 29
Rare Item, 1, 4
Rare Item, 1, 1
Rare Item, 1, 47
Rare Item, 1, 50
Rare Item, 1, 9
Rare Item, 1, 11
Rare Item, 1, 14
Standard Item, 9, 9
Standard Item, 9, 0
Standard Item, 9, 49
Standard Item, 9, 0
Standard Item, 9, 48
Standard Item, 9, 29
Standard Item, 9, 4
Standard Item, 9, 1
Standard Item, 9, 47
Standard Item, 9, 50
Standard Item, 9, 9
Standard Item, 9, 11
Standard Item, 9, 14
Standard Item, -1, 8
Standard Item, -1, 0
Standard Item, -1, 48
Standard Item, -1, 0
Standard Item, -1, 47
Standard Item, -1, 28
Standard Item, -1, 3
Standard Item, -1, 0
Standard Item, -1, 46
Standard Item, -1, 49
Standard Item, -1, 8
Standard Item, -1, 10
Standard Item, -1, 13
Standard Item, -2, 8
Standard Item, -2, 0
Standard Item, -2, 48
Standard Item, -2, 0
Standard Item, -2, 47
Standard Item, -2, 28
Standard Item, -2, 3
Standard Item, -2, 0
Standard Item, -2, 46
Standard Item, -2, 49
Standard Item, -2, 8
Standard Item, -2, 10
Standard Item, -2, 13
Standard Item, 5, 9
Standard Item, 5, 0
Standard Item, 5, 49
Standard Item, 5, 0
Standard Item, 5, 48
Standard Item, 5, 29
Standard Item, 5, 4
Standard Item, 5, 1
Standard Item, 5, 47
Standard Item, 5, 50
Standard Item, 5, 9
Standard Item, 5, 11
Standard Item, 5, 14
Standard Item, 14, 9
Standard Item, 14, 0
Standard Item, 14, 49
Standard Item, 14, 0
Standard Item, 14, 48
Standard Item, 14, 29
Standard Item, 14, 4
Standard Item, 14, 1
Standard Item, 14, 47
Standard Item, 14, 50
Standard Item, 14, 9
Standard Item, 14, 11
Standard Item, 14, 14
Standard Item, 4, 9
Standard Item, 4, 0
Standard Item, 4, 49
Standard Item, 4, 0
Standard Item, 4, 48
Standard Item, 4, 29
Standard Item, 4, 4
Standard Item, 4, 1
Standard Item, 4, 47
Standard Item, 4, 50
Standard Item, 4, 9
Standard Item, 4, 11
Standard Item, 4, 14
Standard Item, -6, 8
Standard Item, -6, 0
Standard Item, -6, 48
Standard Item, -6, 0
Standard Item, -6, 47
Standard Item, -6, 28
Standard Item, -6, 3
Standard Item, -6, 0
Standard Item, -6, 46
Standard Item, -6, 49
Standard Item, -6, 8
Standard Item, -6, 10
Standard Item, -6, 13
Standard Item, 0, 9
Standard Item, 0, 0
Standard Item, 0, 49
Standard Item, 0, 0
Standard Item, 0, 48
Standard Item, 0, 29
Standard Item, 0, 4
Standard Item, 0, 1
Standard Item, 0, 47
Standard Item, 0, 50
Standard Item, 0, 9
Standard Item, 0, 11
Standard Item, 0, 14
Standard Item, 2, 9
Standard Item, 2, 0
Standard Item, 2, 49
Standard Item, 2, 0
Standard Item, 2, 48
Standard Item, 2, 29
Standard Item, 2, 4
Standard Item, 2, 1
Standard Item, 2, 47
Standard Item, 2, 50
Standard Item, 2, 9
Standard Item, 2, 11
Standard Item, 2, 14
Standard Item, -11, 8
Standard Item, -11, 0
Standard Item, -11, 48
Standard Item, -11, 0
Standard Item, -11, 47
Standard Item, -11, 28
Standard Item, -11, 3
Standard Item, -11, 0
Standard Item, -11, 46
Standard Item, -11, 49
Standard Item, -11, 8
Standard Item, -11, 10
Standard Item, -11, 13
Standard Item, 10, 9
Standard Item, 10, 0
Standard Item, 10, 49
Standard Item, 10, 0
Standard Item, 10, 48
Standard Item, 10, 29
Standard Item, 10, 4
Standard Item, 10, 1
Standard Item, 10, 47
Standard Item, 10, 50
Standard Item, 10, 9
Standard Item, 10, 11
Standard Item, 10, 14
Standard Item, 1, 9
Standard Item, 1, 0
Standard Item, 1, 49
Standard Item, 1, 0
Standard Item, 1, 48
Standard Item, 1, 29
Standard Item, 1, 4
Standard Item, 1, 1
Standard Item, 1, 47
Standard Item, 1, 50
Standard Item, 1, 9
Standard Item, 1, 11
Standard Item, 1, 14
Test Item 1, 9, 9
Test Item 1, 9, 0
Test Item 1, 9, 49
Test Item 1, 9, 0
Test Item 1, 9, 48
Test Item 1, 9, 29
Test Item 1, 9, 4
Test Item 1, 9, 1
Test Item 1, 9, 47
Test Item 1, 9, 50
Test Item 1, 9, 9
Test Item 1, 9, 11
Test Item 1, 9, 14
Test Item 1, -1, 8
Test Item 1, -1, 0
Test Item 1, -1, 48
Test Item 1, -1, 0
Test Item 1, -1, 47
Test Item 1, -1, 28
Test Item 1, -1, 3
Test Item 1, -1, 0
Test Item 1, -1, 46
Test Item 1, -1, 49
Test Item 1, -1, 8
Test Item 1, -1, 10
Test Item 1, -1, 13
Test Item 1, -2, 8
Test Item 1, -2, 0
Test Item 1, -2, 48
Test Item 1, -2, 0
Test Item 1, -2, 47
Test Item 1, -2, 28
Test Item 1, -2, 3
Test Item 1, -2, 0
Test Item 1, -2, 46
Test Item 1, -2, 49
Test Item 1, -2, 8
Test Item 1, -2, 10
Test Item 1, -2, 13
Test Item 1, 5, 9
Test Item 1, 5, 0
Test Item 1, 5, 49
Test Item 1, 5, 0
Test Item 1, 5, 48
Test Item 1, 5, 29
Test Item 1, 5, 4
Test Item 1, 5, 1
Test Item 1, 5, 47
Test Item 1, 5, 50
Test Item 1, 5, 9
Test Item 1, 5, 11
Test Item 1, 5, 14
Test Item 1, 14, 9
Test Item 1, 14, 0
Test Item 1, 14, 49
Test Item 1, 14, 0
Test Item 1, 14, 48
Test Item 1, 14, 29
Test Item 1, 14, 4
Test Item 1, 14, 1
Test Item 1, 14, 47
Test Item 1, 14, 50
Test Item 1, 14, 9
Test Item 1, 14, 11
Test Item 1, 14, 14
Test Item 1, 4, 9
Test Item 1, 4, 0
Test Item 1, 4, 49
Test Item 1, 4, 0
Test Item 1, 4, 48
Test Item 1, 4, 29
Test Item 1, 4, 4
Test Item 1, 4, 1
Test Item 1, 4, 47
Test Item 1, 4, 50
Test Item 1, 4, 9
Test Item 1, 4, 11
Test Item 1, 4, 14
Test Item 1, -6, 8
Test Item 1, -6, 0
Test Item 1, -6, 48
Test Item 1, -6, 0
Test Item 1, -6, 47
Test Item 1, -6, 28
Test Item 1, -6, 3
Test Item 1, -6, 0
Test Item 1, -6, 46
Test Item 1, -6, 49
Test Item 1, -6, 8
Test Item 1, -6, 10
Test Item 1, -6, 13
Test Item 1, 0, 9
Test Item 1, 0, 0
Test Item 1, 0, 49
Test Item 1, 0, 0
Test Item 1, 0, 48
Test Item 1, 0, 29
Test Item 1, 0, 4
Test Item 1, 0, 1
Test Item 1, 0, 47
Test Item 1, 0, 50
Test Item 1, 0, 9
Test Item 1, 0, 11
Test Item 1, 0, 14
Test Item 1, 2, 9
Test Item 1, 2, 0
Test Item 1, 2, 49
Test Item 1, 2, 0
Test Item 1, 2, 48
Test Item 1, 2, 29
Test Item 1, 2, 4
Test Item 1, 2, 1
Test Item 1, 2, 47
Test Item 1, 2, 50
Test Item 1, 2, 9
Test Item 1, 2, 11
Test Item 1, 2, 14
Test Item 1, -11, 8
Test Item 1, -11, 0
Test Item 1, -11, 48
Test Item 1, -11, 0
Test Item 1, -11, 47
Test Item 1, -11, 28
Test Item 1, -11, 3
Test Item 1, -11, 0
Test Item 1, -11, 46
Test Item 1, -11, 49
Test Item 1, -11, 8
Test Item 1, -11, 10
Test Item 1, -11, 13
Test Item 1, 10, 9
Test Item 1, 10, 0
Test Item 1, 10, 49
Test Item 1, 10, 0
Test Item 1, 10, 48
Test Item 1, 10, 29
Test Item 1, 10, 4
Test Item 1, 10, 1
Test Item 1, 10, 47
Test Item 1, 10, 50
Test Item 1, 10, 9
Test Item 1, 10, 11
Test Item 1, 10, 14
Test Item 1, 1, 9
Test Item 1, 1, 0
Test Item 1, 1, 49
Test Item 1, 1, 0
Test Item 1, 1, 48
Test Item 1, 1, 29
Test Item 1, 1, 4
Test Item 1, 1, 1
Test Item 1, 1, 47
Test Item 1, 1, 50
Test Item 1, 1, 9
Test Item 1, 1, 11
Test Item 1, 1, 14
Test Item 2, 9, 9
Test Item 2, 9, 0
Test Item 2, 9, 49
Test Item 2, 9, 0
Test Item 2, 9, 48
Test Item 2, 9, 29
Test Item 2, 9, 4
Test Item 2, 9, 1
Test Item 2, 9, 47
Test Item 2, 9, 50
Test Item 2, 9, 9
Test Item 2, 9, 11
Test Item 2, 9, 14
Test Item 2, -1, 8
Test Item 2, -1, 0
Test Item 2, -1, 48
Test Item 2, -1, 0
Test Item 2, -1, 47
Test Item 2, -1, 28
Test Item 2, -1, 3
Test Item 2, -1, 0
Test Item 2, -1, 46
Test Item 2, -1, 49
Test Item 2, -1, 8
Test Item 2, -1, 10
Test Item 2, -1, 13
Test Item 2, -2, 8
Test Item 2, -2, 0
Test Item 2, -2, 48
Test Item 2, -2, 0
Test Item 2, -2, 47
Test Item 2, -2, 28
Test Item 2, -2, 3
Test Item 2, -2, 0
Test Item 2, -2, 46
Test Item 2, -2, 49
Test Item 2, -2, 8
Test Item 2, -2, 10
Test Item 2, -2, 13
Test Item 2, 5, 9
Test Item 2, 5, 0
Test Item 2, 5, 49
Test Item 2, 5, 0
Test Item 2, 5, 48
Test Item 2, 5, 29
Test Item 2, 5, 4
Test Item 2, 5, 1
Test Item 2, 5, 47
Test Item 2, 5, 50
Test Item 2, 5, 9
Test Item 2, 5, 11
Test Item 2, 5, 14
Test Item 2, 14, 9
Test Item 2, 14, 0
Test Item 2, 14, 49
Test Item 2, 14, 0
Test Item 2, 14, 48
Test Item 2, 14, 29
Test Item 2, 14, 4
Test Item 2, 14, 1
Test Item 2, 14, 47
Test Item 2, 14, 50
Test Item 2, 14, 9
Test Item 2, 14, 11
Test Item 2, 14, 14
Test Item 2, 4, 9
Test Item 2, 4, 0
Test Item 2, 4, 49
Test Item 2, 4, 0
Test Item 2, 4, 48
Test Item 2, 4, 29
Test Item 2, 4, 4
Test Item 2, 4, 1
Test Item 2, 4, 47
Test Item 2, 4, 50
Test Item 2, 4, 9
Test Item 2, 4, 11
Test Item 2, 4, 14
Test Item 2, -6, 8
Test Item 2, -6, 0
Test Item 2, -6, 48
Test Item 2, -6, 0
Test Item 2, -6, 47
Test Item 2, -6, 28
Test Item 2, -6, 3
Test Item 2, -6, 0
Test Item 2, -6, 46
Test Item 2, -6, 49
Test Item 2, -6, 8
Test Item 2, -6, 10
Test Item 2, -6, 13
Test Item 2, 0, 9
Test Item 2, 0, 0
Test Item 2, 0, 49
Test Item 2, 0, 0
Test Item 2, 0, 48
Test Item 2, 0, 29
Test Item 2, 0, 4
Test Item 2, 0, 1
Test Item 2, 0, 47
Test Item 2, 0, 50
Test Item 2, 0, 9
Test Item 2, 0, 11
Test Item 2, 0, 14
Test Item 2, 2, 9
Test Item 2, 2, 0
Test Item 2, 2, 49
Test Item 2, 2, 0
Test Item 2, 2, 48
Test Item 2, 2, 29
Test Item 2, 2, 4
Test Item 2, 2, 1
Test Item 2, 2, 47
Test Item 2, 2, 50
Test Item 2, 2, 9
Test Item 2, 2, 11
Test Item 2, 2, 14
Test Item 2, -11, 8
Test Item 2, -11, 0
Test Item 2, -11, 48
Test Item 2, -11, 0
Test Item 2, -11, 47
Test Item 2, -11, 28
Test Item 2, -11, 3
Test Item 2, -11, 0
Test Item 2, -11, 46
Test Item 2, -11, 49
Test Item 2, -11, 8
Test Item 2, -11, 10
Test Item 2, -11, 13
Test Item 2, 10, 9
Test Item 2, 10, 0
Test Item 2, 10, 49
Test Item 2, 10, 0
Test Item 2, 10, 48
Test Item 2, 10, 29
Test Item 2, 10, 4
Test Item 2, 10, 1
Test Item 2, 10, 47
Test Item 2, 10, 50
Test Item 2, 10, 9
Test Item 2, 10, 11
Test Item 2, 10, 14
Test Item 2, 1, 9
Test Item 2, 1, 0
Test Item 2, 1, 49
Test Item 2, 1, 0
Test Item 2, 1, 48
Test Item 2, 1, 29
Test Item 2, 1, 4
Test Item 2, 1, 1
Test Item 2, 1, 47
Test Item 2, 1, 50
Test Item 2, 1, 9
Test Item 2, 1, 11
Test Item 2, 1, 14
