Aged Brie, 4, 11
Aged Brie, -1, 12
Aged Brie, 14, 11
Aged Brie, 9, 11
Sulfuras, Hand of Ragnaros, 5, 10
Sulfuras, Hand of Ragnaros, 0, 10
Sulfuras, Hand of Ragnaros, 15, 10
Sulfuras, Hand of Ragnaros, 10, 10
Backstage passes to a TAFKAL80ETC concert, 4, 13
Backstage passes to a TAFKAL80ETC concert, -1, 0
Backstage passes to a TAFKAL80ETC concert, 14, 11
Backstage passes to a TAFKAL80ETC concert, 9, 12
Regular Item, 4, 9
Regular Item, -1, 8
Regular Item, 14, 9
Regular Item, 9, 9
