--- RENDER TESTS ---
render will render a 2x1 board with dead cells
__

render will render a 1x2 board with dead cells
_
_

render will render a 3x1 board with the right cell alive
__x

--- CELL TESTS ---
a dead cell stays dead
___
___
___
 => _
a live cell with two neighbours stays alive
___
xxx
___ => x
a live cell with no neighbours dies
___
_x_
___ => _

---BOARD TESTS ---
a vertical blinker
x
x
x => xxx
