Test: print statement of a new account
      Date ||  Amount || Balance

Test: print statement after single deposit
      Date ||  Amount || Balance
           ||    1000 ||    1000

Test: print statement after multiple deposits
      Date ||  Amount || Balance
           ||    1000 ||    1000
           ||    1000 ||    2000
           ||    2000 ||    4000
           ||    -500 ||    3500
